array (
  0 => 'commentId_5108546341729116192',
)array (
  0 => 'commentUser_2340122484573626727',
  1 => 'commentId_842586296183696597',
  2 => 'This comment text contains random number 307501046596658233',
)array (
  0 => 'commentId_842586296183696597',
)array (
  0 => 'commentUser_4045352856559282901',
  1 => 'commentId_3896205868363007710',
  2 => 'This comment text contains random number 1546120454901692180',
)array (
  0 => 'commentId_3896205868363007710',
)array (
  0 => 'commentUser_7521515778726068740',
  1 => 'commentId_5920856497577571934',
  2 => 'This comment text contains random number 8156551711635655409',
)array (
  0 => 'commentId_5920856497577571934',
)array (
  'name' => 'commentUser_4552802473915114566',
  'msgID' => 'commentId_15553623701884177',
  'comment' => 'This comment text contains random number 8365062103657275100',
)array (
  0 => 'commentId_15553623701884177',
)array (
  'name' => 'commentUser_1226103489454920567',
  'msgID' => 'commentId_2808799856764328507',
  'comment' => 'This comment text contains random number 4014882596274107258',
)array (
  0 => 'commentId_2808799856764328507',
)